{
  "neoforge:conditions": [
    {
      "type": "neoforge:not",
      "value": {
        "type": "neoforge:tag_empty",
        "tag": "forge:ores/osmium"
      }
    }
  ],
  "type": "exdeorum:sieve",
  "ingredient": {
    "item": "minecraft:gravel"
  },
  "mesh": "exdeorum:golden_mesh",
  "result": "exdeorum:osmium_ore_chunk",
  "result_amount": {
    "type": "minecraft:binomial",
    "n": 1.0,
    "p": 0.05
  }
}