{
  "neoforge:conditions": [
    {
      "type": "neoforge:mod_loaded",
      "modid": "ae2"
    }
  ],
  "type": "exdeorum:sieve",
  "ingredient": {
    "item": "minecraft:sand"
  },
  "mesh": "exdeorum:golden_mesh",
  "result": "ae2:charged_certus_quartz_crystal",
  "result_amount": {
    "type": "minecraft:binomial",
    "n": 1.0,
    "p": 0.015
  }
}